error: `data` set multiple times.
  --> tests/ui-fail/duplicate_services.rs:38:41
   |
38 |     #[grafana_plugin_sdk::main(services(data, data))]
   |                                         ^^^^^^^^^^
