error: `data` set multiple times.
  --> tests/ui-fail/duplicate_services.rs:46:41
   |
46 |     #[grafana_plugin_sdk::main(services(data, data))]
   |                                         ^^^^
